[backblue.gif]
[fade.gif]
[index.html]
[tedxnuuz.netlify.app/index.html]
[tedxnuuz.netlify.app/www/index.html]
[tedxnuuz.netlify.app/use.typekit.net/ik/JA7SgAW9JFp7ui9T1OLM0o5OWuRdAJJr80FtxegqKDCfezC2fFHN4UJLFRbh52jhWDjDjDj3jQwUFhjtwAFRF2FRjAwXFh9kFg7bMkG0jAFu-WsoShFGZAsude80ZkoRdhXCHKoyjamTiY8Djhy8ZYmC-Ao1Oco8if37OcBDO]
[tedxnuuz.netlify.app/assets.squarespace.com/@sqs/polyfiller/1.6/legacy.js]
[tedxnuuz.netlify.app/assets.squarespace.com/@sqs/polyfiller/1.6/modern.js]
[tedxnuuz.netlify.app/assets.squarespace.com/universal/scripts-compressed/extract-css-runtime-7b3fc6d82db83c3063ed7-min.en-US.js]
[tedxnuuz.netlify.app/assets.squarespace.com/universal/scripts-compressed/extract-css-moment-js-vendor-c4550e9407a2eb121f53d-min.en-US.js]
[tedxnuuz.netlify.app/assets.squarespace.com/universal/scripts-compressed/cldr-resource-pack-47d1221231df25bde9715-min.en-US.js]
[tedxnuuz.netlify.app/assets.squarespace.com/universal/scripts-compressed/common-vendors-stable-988cea152e72258d821b3-min.en-US.js]
[tedxnuuz.netlify.app/assets.squarespace.com/universal/scripts-compressed/common-vendors-c60f4fd6bc6a215af7522-min.en-US.js]
[tedxnuuz.netlify.app/assets.squarespace.com/universal/scripts-compressed/common-1991d6162fb67f9bad907-min.en-US.js]
[tedxnuuz.netlify.app/assets.squarespace.com/universal/scripts-compressed/performance-10e40e38960040033ba43-min.en-US.js]
[tedxnuuz.netlify.app/static1.squarespace.com/static/versioned-site-css/63c60a317f81cc43cac47e24/7/5c5a519771c10ba3470d8101/63c60a317f81cc43cac47e3e/1428/site.css]
[tedxnuuz.netlify.app/www/lib/Magnific-Popup/dist/magnific-popup.css]
[tedxnuuz.netlify.app/www/lib/Font-Awesome/css/font-awesome.min.css]
[tedxnuuz.netlify.app/www/lib/select2/css/select2.min.css]
[tedxnuuz.netlify.app/www/lib/plyr/dist/plyr.css]
[tedxnuuz.netlify.app/www/css/style.css]
[tedxnuuz.netlify.app/www/css/color.css]
[tedxnuuz.netlify.app/static1.squarespace.com/static/vta/5c5a519771c10ba3470d8101/versioned-assets/1690406052257-HFCA2VVR8R1QMYFLAT56/static.css]
[tedxnuuz.netlify.app/www/cart.html]
[tedxnuuz.netlify.app/www/index-2.html]
[tedxnuuz.netlify.app/www/gallery.html]
[tedxnuuz.netlify.app/www/homee.html]
[tedxnuuz.netlify.app/www/meet-the-board.html]
[tedxnuuz.netlify.app/www/contact.html]
[images.squarespace-cdn.com/content/v1/63c60a317f81cc43cac47e24/d1ed0a9e-1512-4c4f-b647-f18dc20f1bdc/JasonRosenthal_2018-embed.jpg]
[tedxnuuz.netlify.app/images.squarespace-cdn.com/content/v1/63c60a317f81cc43cac47e24/d1ed0a9e-1512-4c4f-b647-f18dc20f1bdc/JasonRosenthal_2018-embed.jpg]
[tedxnuuz.netlify.app/www/spealers.html]
[tedxnuuz.netlify.app/cdn-cgi/scripts/5c5dd728/cloudflare-static/email-decode.min.1c.delayed]
[tedxnuuz.netlify.app/www/js/jquery.js]
[tedxnuuz.netlify.app/www/assets/js/bootstrap.min.js]
[tedxnuuz.netlify.app/www/lib/Magnific-Popup/dist/jquery.magnific-popup.min.js]
[tedxnuuz.netlify.app/www/lib/select2/js/select2.min.js]
[tedxnuuz.netlify.app/www/images/logo-white.png]
[tedxnuuz.netlify.app/www/lib/BxSlider/jquery.bxslider.min.js]
[tedxnuuz.netlify.app/www/lib/plyr/dist/plyr.js]
[tedxnuuz.netlify.app/www/js/custom.js]
[tedxnuuz.netlify.app/www/index.html]
[tedxnuuz.netlify.app/static1.squarespace.com/static/vta/5c5a519771c10ba3470d8101/scripts/site-bundle.ac7ae7eb05898197f47fba9af9b0c8b5.js]
[tedxnuuz.netlify.app/assets.squarespace.com/universal/images-v6/damask/error-dark.png]
[tedxnuuz.netlify.app/assets.squarespace.com/universal/images-v6/damask/error-dark@2x.png]
[tedxnuuz.netlify.app/assets.squarespace.com/universal/images-v6/damask/play-button.png]
[tedxnuuz.netlify.app/assets.squarespace.com/universal/images-v6/damask/play-button@2x.png]
[tedxnuuz.netlify.app/assets.squarespace.com/universal/images-v6/damask/edit-aviary-light.png]
[tedxnuuz.netlify.app/assets.squarespace.com/universal/images-v6/damask/edit-aviary-light@2x.png]
[tedxnuuz.netlify.app/assets.squarespace.com/universal/images-v6/damask/edit-info-light.png]
[tedxnuuz.netlify.app/assets.squarespace.com/universal/images-v6/damask/edit-info-light@2x.png]
[tedxnuuz.netlify.app/assets.squarespace.com/universal/images-v6/damask/trash-9-light.png]
[tedxnuuz.netlify.app/assets.squarespace.com/universal/images-v6/damask/trash-9-light@2x.png]
[tedxnuuz.netlify.app/assets.squarespace.com/universal/images-v6/damask/trash-9-red.png]
[tedxnuuz.netlify.app/assets.squarespace.com/universal/images-v6/damask/trash-9-red@2x.png]
[tedxnuuz.netlify.app/assets.squarespace.com/universal/images-v6/damask/getty-16-light.png]
[tedxnuuz.netlify.app/assets.squarespace.com/universal/images-v6/damask/getty-32-light.png]
[tedxnuuz.netlify.app/assets.squarespace.com/universal/images-v6/damask/shopping-cart-16-light.png]
[tedxnuuz.netlify.app/assets.squarespace.com/universal/images-v6/damask/shopping-cart-32-light.png]
[tedxnuuz.netlify.app/assets.squarespace.com/universal/images-v6/icons/block-indicator-dark.png]
[tedxnuuz.netlify.app/assets.squarespace.com/universal/images-v6/icons/block-indicator-dark@2x.png]
[tedxnuuz.netlify.app/assets.squarespace.com/universal/images-v6/icons/opentable-icons.png]
[tedxnuuz.netlify.app/assets.squarespace.com/universal/images-v6/icons/icon-searchqueries-20-dark.png]
[tedxnuuz.netlify.app/static1.squarespace.com/universal/images-v6/icons/icon-searchqueries-20-light.png]
[tedxnuuz.netlify.app/assets.squarespace.com/universal/images-v6/icons/icon-video-24-light-solid.png]
[tedxnuuz.netlify.app/assets.squarespace.com/universal/images-v6/standard/icon_close_7_light.png]
[tedxnuuz.netlify.app/assets.squarespace.com/universal/images-v6/icons/icon-settings-16-light.png]
[tedxnuuz.netlify.app/static1.squarespace.com/static/versioned-site-css/63c60a317f81cc43cac47e24/7/5c5a519771c10ba3470d8101/63c60a317f81cc43cac47e3e/1428/site.css]
[tedxnuuz.netlify.app/www/lib/Magnific-Popup/dist/magnific-popup.css]
[tedxnuuz.netlify.app/www/lib/Font-Awesome/fonts/fontawesome-webfont93e393e3.eot]
[tedxnuuz.netlify.app/www/lib/Font-Awesome/fonts/fontawesome-webfontd41dd41d.eot]
[tedxnuuz.netlify.app/www/lib/Font-Awesome/fonts/fontawesome-webfont93e393e3.woff2]
[tedxnuuz.netlify.app/www/lib/Font-Awesome/fonts/fontawesome-webfont93e393e3.woff]
[tedxnuuz.netlify.app/www/lib/Font-Awesome/fonts/fontawesome-webfont93e393e3.ttf]
[tedxnuuz.netlify.app/www/lib/Font-Awesome/css/font-awesome.min.css]
[tedxnuuz.netlify.app/www/lib/select2/css/select2.min.css]
[tedxnuuz.netlify.app/www/lib/plyr/dist/plyr.css]
[tedxnuuz.netlify.app/www/css/font.css]
[tedxnuuz.netlify.app/www/lib/Font-Awesome/fonts/fontawesome-webfont93e393e3.svg]
[tedxnuuz.netlify.app/www/images/bg/header-1.jpg]
[tedxnuuz.netlify.app/www/images/bg/header-2.jpg]
[tedxnuuz.netlify.app/www/images/bg/testimonial.jpg]
[tedxnuuz.netlify.app/www/images/bg/tickit.47.delayed]
[tedxnuuz.netlify.app/www/images/blog/single/f-image.48.delayed]
[tedxnuuz.netlify.app/www/images/bg/error.jpg]
[tedxnuuz.netlify.app/www/css/style.css]
[tedxnuuz.netlify.app/www/css/color.css]
[tedxnuuz.netlify.app/static1.squarespace.com/static/vta/5c5a519771c10ba3470d8101/versioned-assets/1690406052257-HFCA2VVR8R1QMYFLAT56/static.css]
[tedxnuuz.netlify.app/assets.squarespace.com/universal/scripts-compressed/extract-css-runtime-08fb8b0099c725acd445e-min.en-US.js]
[tedxnuuz.netlify.app/assets.squarespace.com/universal/scripts-compressed/common-vendors-0413d0b876ef5628ecebd-min.en-US.js]
[tedxnuuz.netlify.app/assets.squarespace.com/universal/scripts-compressed/performance-149df38298b03608b51e3-min.en-US.js]
[tedxnuuz.netlify.app/assets.squarespace.com/universal/scripts-compressed/common-a8f85bc4ef38be5d0a3f2-min.en-US.js]
[tedxnuuz.netlify.app/www/past-talks.html]
[tedxnuuz.netlify.app/images.squarespace-cdn.com/content/v1/63c60a317f81cc43cac47e24/b63a1232-84d3-4cb3-874b-6461259a1e45/tedxuwmadison.png]
[tedxnuuz.netlify.app/www/cart.html]
[tedxnuuz.netlify.app/www/index-2.html]
[tedxnuuz.netlify.app/assets.squarespace.com/universal/scripts-compressed/commerce-checkout-d91aac0d4be8ba9f7941e-min.en-US.js]
[tedxnuuz.netlify.app/www/gallery.html]
[tedxnuuz.netlify.app/www/gallery-2.html]
[tedxnuuz.netlify.app/www/homee-2.html]
[tedxnuuz.netlify.app/images/logo-white.53.delayed]
[tedxnuuz.netlify.app/www/homee.html]
[tedxnuuz.netlify.app/www/meet-the-board.html]
[tedxnuuz.netlify.app/www/meet-the-board-2.html]
[tedxnuuz.netlify.app/www/contact.html]
[tedxnuuz.netlify.app/www/contact-2.html]
[tedxnuuz.netlify.app/www/assets/css/bootstrap.css]
[tedxnuuz.netlify.app/www/images/speakers/Muhammadova Shaxina.jpg]
[tedxnuuz.netlify.app/www/images/speakers/Abdurashid Abdusallomov.jpg]
[tedxnuuz.netlify.app/www/images/speakers/Azizbek Zaylobiddinov.jpg]
[tedxnuuz.netlify.app/www/images/speakers/Fyodor Amanov.jpg]
[tedxnuuz.netlify.app/www/images/speakers/Madina Courjeau.jpg]
[tedxnuuz.netlify.app/www/images/speakers/Muhammad Talatov.jpg]
[tedxnuuz.netlify.app/www/images/speakers/Xadicha Maxamaliyeva.jpg]
[tedxnuuz.netlify.app/www/spealers.html]
[tedxnuuz.netlify.app/cdn-cgi/scripts/5c5dd728/cloudflare-static/email-decode.min.html]
[tedxnuuz.netlify.app/www/lib/Font-Awesome/fonts/fontawesome-webfont93e393e3.svg]
[tedxnuuz.netlify.app/www/images/bg/tickit.html]
[tedxnuuz.netlify.app/www/images/blog/single/f-image.html]
[tedxnuuz.netlify.app/images.squarespace-cdn.com/content/v1/63c60a317f81cc43cac47e24/c897293d-55e0-4c41-a188-bd41dd02289a/12247974_642662682540317_6316210796409485951_o.jpg]
[tedxnuuz.netlify.app/images.squarespace-cdn.com/content/v1/63c60a317f81cc43cac47e24/05e8914a-7586-44fb-a552-884ce5e00122/15874779_839040249569225_2059550382456942269_o.jpg]
[tedxnuuz.netlify.app/images.squarespace-cdn.com/content/v1/63c60a317f81cc43cac47e24/7651b5d9-e3e9-444e-a9e9-274f803a3566/15844464_839040389569211_1700130081105838804_o.jpg]
[tedxnuuz.netlify.app/images.squarespace-cdn.com/content/v1/63c60a317f81cc43cac47e24/cbf93906-4261-4c01-96a4-7ac7e2d42b47/15337477_823149827824934_320082409476552804_n.jpg]
[tedxnuuz.netlify.app/images.squarespace-cdn.com/content/v1/63c60a317f81cc43cac47e24/caca7941-0558-4e05-bdf3-bb71b6f3f978/27023577_1053598131446768_6826877264394864754_o.jpg]
[tedxnuuz.netlify.app/images.squarespace-cdn.com/content/v1/63c60a317f81cc43cac47e24/039f7d1b-d73c-4003-9449-385114ae528a/27023604_1053595771447004_8826479619466235340_o.jpg]
[tedxnuuz.netlify.app/images.squarespace-cdn.com/content/v1/63c60a317f81cc43cac47e24/f06717a4-c78a-4244-a98f-18c263e907b8/27503803_1053594254780489_7107086139580935459_o.jpg]
[tedxnuuz.netlify.app/images.squarespace-cdn.com/content/v1/63c60a317f81cc43cac47e24/ce68d7be-1b8a-4b80-9fed-502132ab58e2/52602481_1329597030513542_2563531696829890560_n.jpg]
[tedxnuuz.netlify.app/images.squarespace-cdn.com/content/v1/63c60a317f81cc43cac47e24/895339b8-3077-441f-b5ea-162924c0d7b9/52819988_1329494693857109_2146486691601317888_n.jpg]
[tedxnuuz.netlify.app/images.squarespace-cdn.com/content/v1/63c60a317f81cc43cac47e24/17aad1ed-c0d8-4b94-a3b3-3c1af50b654c/51104894_1314016678738244_2912316232772354048_n.png]
[tedxnuuz.netlify.app/images.squarespace-cdn.com/content/v1/63c60a317f81cc43cac47e24/73be66c2-68ff-4068-9ff5-f7cfb52eb47c/167087878_2011335239006381_1368783417013010789_n.jpg]
[tedxnuuz.netlify.app/images.squarespace-cdn.com/content/v1/63c60a317f81cc43cac47e24/44e9eec3-2d10-4e89-a4aa-e38c352a64e1/87944718_1649482581858317_3903531698993758208_n.jpg]
[tedxnuuz.netlify.app/www/past-talks.html]
[tedxnuuz.netlify.app/www/gallery-2.html]
[tedxnuuz.netlify.app/www/homee-2.html]
[tedxnuuz.netlify.app/images/logo-white.html]
[tedxnuuz.netlify.app/www/meet-the-board-2.html]
[tedxnuuz.netlify.app/www/contact-2.html]
[tedxnuuz.netlify.app/www/assets/fonts/glyphicons-halflings-regular.eot]
[tedxnuuz.netlify.app/www/assets/fonts/glyphicons-halflings-regulard41dd41d.eot]
[tedxnuuz.netlify.app/www/assets/fonts/glyphicons-halflings-regular.woff2]
[tedxnuuz.netlify.app/www/assets/fonts/glyphicons-halflings-regular.woff]
[tedxnuuz.netlify.app/www/assets/fonts/glyphicons-halflings-regular.ttf]
[tedxnuuz.netlify.app/www/assets/css/bootstrap.css]
[tedxnuuz.netlify.app/www/images/speakers/Muhammad Talatov.jpg]
[tedxnuuz.netlify.app/www/images/speakers/Adilkhan Kenpeliev.jpg]
[tedxnuuz.netlify.app/www/assets/fonts/glyphicons-halflings-regular.svg]
[tedxnuuz.netlify.app/images.squarespace-cdn.com/content/v1/63c60a317f81cc43cac47e24/04181bcf-741b-4f1b-b348-ce406673f81e/12244660_642664845873434_7316595623234386959_o.jpg]
[tedxnuuz.netlify.app/images.squarespace-cdn.com/content/v1/63c60a317f81cc43cac47e24/f9c0c815-2462-44c2-89fb-c0e817863ecd/12239306_642661329207119_6254106158214991924_o.jpg]
[tedxnuuz.netlify.app/www/assets/fonts/glyphicons-halflings-regular.svg]
[tedxnuuz.netlify.app/www/past-talks-2.html]
[tedxnuuz.netlify.app/www/past-talks-2.html]
